{"logTime": "1003/093750", "correlationVector":"n3WmEvH8DmV+NSKI2FEQga.1","action":"SyncServerConnectionManagerRequest", "result":"SYNC_SERVER_OK", "context":{"environment":"Prod_japaneast_prod-s01-061-apac-japaneast", "migrationStage":"NotStarted", "server":"akswtt1160000da"}}
{"logTime": "1003/093750", "correlationVector":"n3WmEvH8DmV+NSKI2FEQga.2","action":"ProcessGetUpdates", "result":"Done", "context":{"dataType":"Encryption Keys", "deleted":"0", "process_failed_to_decrypt":"0", "process_pending_decryption":"0", "process_success":"1", "total":"1"}}
{"logTime": "1003/093752", "correlationVector":"ylGbrxayBqc7d/hzbVesK4","action":"SyncServerConnectionManagerRequest", "result":"SYNC_SERVER_OK", "context":{"environment":"", "migrationStage":"", "server":""}}
{"logTime": "1003/093752", "correlationVector":"ylGbrxayBqc7d/hzbVesK4.0","action":"EncryptionKeysFetcher.DownloadKeys:", "result":"Success", "context":Key count: 3, Last key timestamp: 2026-06-21T04:37:11Z}
{"logTime": "1003/093752", "correlationVector":"ylGbrxayBqc7d/hzbVesK4.1","action":"EncryptionKeysManager::SetEncryptionKeys:", "result":"Success", "context":Key names[3]:[m13sA83/wR7yVfvbKDGkA3P3Ek52zez7yLD56j8FJ/iiocJoOqICgNfaQY0grWch6pky519kAXtdz7eXRTNfNA==][iZTzqiNge7M7XNHX01z2H1YoecBONKZ81JUF4Qp5rjECKVLVAG5nnXErOxbWzuCGyzrsfNKPLWrLE8E4/z0I0Q==][BXlbbub6jnGCfhrehLtaS/AyjOLI7UIuqq8yGFOiBHqfQP8V4qIQl6XgjDWgTR01i/B+qHq/S7CWDf8r5d0TgA==]}
{"logTime": "1003/093752", "correlationVector":"ylGbrxayBqc7d/hzbVesK4.2","action":"EncryptionKeysManager::SetEncryptionKeysWithTimestamps:", "result":"Success", "context":Key timestamps[3]:[2025-06-23T01:51:43Z][2025-12-22T08:59:52Z][2026-06-21T04:37:11Z]}
{"logTime": "1003/093752", "correlationVector":"n3WmEvH8DmV+NSKI2FEQga","action":"Initial GetUpdates", "result":"", "context":Reason: NEW_CLIENT. cV=n3WmEvH8DmV+NSKI2FEQga}
{"logTime": "1003/093752", "correlationVector":"n3WmEvH8DmV+NSKI2FEQga.3","action":"GetUpdates Response", "result":"Success", "context":Received 1 update(s). cV=n3WmEvH8DmV+NSKI2FEQga.0;server=akswtt1160000da;cloudType=Consumer;environment=Prod_japaneast_prod-s01-061-apac-japaneast;migrationStage=NotStarted}
{"logTime": "1003/093752", "correlationVector":"dBEVyskWXZRs/NXIegRQOv","action":"Initial GetUpdates", "result":"", "context":Reason: NEWLY_SUPPORTED_DATATYPE. cV=dBEVyskWXZRs/NXIegRQOv}
{"logTime": "1003/093752", "correlationVector":"dBEVyskWXZRs/NXIegRQOv.1","action":"SyncServerConnectionManagerRequest", "result":"SYNC_SERVER_OK", "context":{"environment":"Prod_japaneast_prod-s01-061-apac-japaneast", "migrationStage":"NotStarted", "server":"akswtt1160000gr"}}
{"logTime": "1003/093752", "correlationVector":"dBEVyskWXZRs/NXIegRQOv.2","action":"ProcessGetUpdates", "result":"Done", "context":{"dataType":"Passwords", "deleted":"0", "process_failed_to_decrypt":"0", "process_pending_decryption":"0", "process_success":"19", "total":"19"}}
{"logTime": "1003/093752", "correlationVector":"dBEVyskWXZRs/NXIegRQOv.3","action":"ProcessGetUpdates", "result":"Done", "context":{"dataType":"Device Info", "deleted":"0", "process_failed_to_decrypt":"0", "process_pending_decryption":"0", "process_success":"66", "total":"66"}}
{"logTime": "1003/093752", "correlationVector":"dBEVyskWXZRs/NXIegRQOv.4","action":"GetUpdates Response", "result":"Success", "context":Received 85 update(s). cV=dBEVyskWXZRs/NXIegRQOv.0;server=akswtt1160000gr;cloudType=Consumer;environment=Prod_japaneast_prod-s01-061-apac-japaneast;migrationStage=NotStarted}
{"logTime": "1003/093752", "correlationVector":"GCf/lTV5HMRdBFqpKNrmrG","action":"Initial GetUpdates", "result":"", "context":Reason: NEWLY_SUPPORTED_DATATYPE. cV=GCf/lTV5HMRdBFqpKNrmrG}
{"logTime": "1003/093752", "correlationVector":"GCf/lTV5HMRdBFqpKNrmrG.1","action":"SyncServerConnectionManagerRequest", "result":"SYNC_SERVER_OK", "context":{"environment":"Prod_japaneast_prod-s01-061-apac-japaneast", "migrationStage":"NotStarted", "server":"akswtt1160000ii"}}
{"logTime": "1003/093752", "correlationVector":"GCf/lTV5HMRdBFqpKNrmrG.2","action":"ProcessGetUpdates", "result":"Done", "context":{"dataType":"Bookmarks", "deleted":"1", "process_failed_to_decrypt":"0", "process_pending_decryption":"0", "process_success":"12", "total":"12"}}
{"logTime": "1003/093752", "correlationVector":"GCf/lTV5HMRdBFqpKNrmrG.3","action":"ProcessGetUpdates", "result":"Done", "context":{"dataType":"Preferences", "deleted":"0", "process_failed_to_decrypt":"0", "process_pending_decryption":"0", "process_success":"44", "total":"44"}}
{"logTime": "1003/093753", "correlationVector":"GCf/lTV5HMRdBFqpKNrmrG.4","action":"ProcessGetUpdates", "result":"Done", "context":{"dataType":"Autofill", "deleted":"0", "process_failed_to_decrypt":"0", "process_pending_decryption":"0", "process_success":"75", "total":"75"}}
{"logTime": "1003/093753", "correlationVector":"GCf/lTV5HMRdBFqpKNrmrG.5","action":"ProcessGetUpdates", "result":"Done", "context":{"dataType":"Sessions", "deleted":"109", "process_failed_to_decrypt":"0", "process_pending_decryption":"0", "process_success":"109", "total":"109"}}
{"logTime": "1003/093753", "correlationVector":"GCf/lTV5HMRdBFqpKNrmrG.6","action":"ProcessGetUpdates", "result":"Done", "context":{"dataType":"Extension settings", "deleted":"0", "process_failed_to_decrypt":"0", "process_pending_decryption":"0", "process_success":"2", "total":"2"}}
{"logTime": "1003/093753", "correlationVector":"GCf/lTV5HMRdBFqpKNrmrG.7","action":"ProcessGetUpdates", "result":"Done", "context":{"dataType":"Saved Tab Group", "deleted":"8", "process_failed_to_decrypt":"0", "process_pending_decryption":"0", "process_success":"8", "total":"8"}}
{"logTime": "1003/093753", "correlationVector":"GCf/lTV5HMRdBFqpKNrmrG.8","action":"GetUpdates Response", "result":"Success", "context":Received 250 update(s). cV=GCf/lTV5HMRdBFqpKNrmrG.0;server=akswtt1160000ii;cloudType=Consumer;environment=Prod_japaneast_prod-s01-061-apac-japaneast;migrationStage=NotStarted Some updates remain.}
{"logTime": "1003/093753", "correlationVector":"xqe1/EfBEY+IbgxWy6Afuf","action":"Initial GetUpdates", "result":"", "context":Reason: NEWLY_SUPPORTED_DATATYPE. cV=xqe1/EfBEY+IbgxWy6Afuf}
{"logTime": "1003/093753", "correlationVector":"xqe1/EfBEY+IbgxWy6Afuf.1","action":"SyncServerConnectionManagerRequest", "result":"SYNC_SERVER_OK", "context":{"environment":"Prod_japaneast_prod-s01-061-apac-japaneast", "migrationStage":"NotStarted", "server":"akswtt1160000cz"}}
{"logTime": "1003/093753", "correlationVector":"xqe1/EfBEY+IbgxWy6Afuf.2","action":"ProcessGetUpdates", "result":"Done", "context":{"dataType":"Preferences", "deleted":"0", "process_failed_to_decrypt":"0", "process_pending_decryption":"0", "process_success":"7", "total":"7"}}
{"logTime": "1003/093753", "correlationVector":"xqe1/EfBEY+IbgxWy6Afuf.3","action":"ProcessGetUpdates", "result":"Done", "context":{"dataType":"Autofill", "deleted":"0", "process_failed_to_decrypt":"0", "process_pending_decryption":"0", "process_success":"15", "total":"15"}}
{"logTime": "1003/093753", "correlationVector":"xqe1/EfBEY+IbgxWy6Afuf.4","action":"ProcessGetUpdates", "result":"Done", "context":{"dataType":"Sessions", "deleted":"228", "process_failed_to_decrypt":"0", "process_pending_decryption":"0", "process_success":"228", "total":"228"}}
{"logTime": "1003/093753", "correlationVector":"xqe1/EfBEY+IbgxWy6Afuf.5","action":"GetUpdates Response", "result":"Success", "context":Received 250 update(s). cV=xqe1/EfBEY+IbgxWy6Afuf.0;server=akswtt1160000cz;cloudType=Consumer;environment=Prod_japaneast_prod-s01-061-apac-japaneast;migrationStage=NotStarted Some updates remain.}
{"logTime": "1003/093753", "correlationVector":"awK0arpWUZeVDKFzvrj0cR","action":"Initial GetUpdates", "result":"", "context":Reason: NEWLY_SUPPORTED_DATATYPE. cV=awK0arpWUZeVDKFzvrj0cR}
{"logTime": "1003/093753", "correlationVector":"awK0arpWUZeVDKFzvrj0cR.1","action":"SyncServerConnectionManagerRequest", "result":"SYNC_SERVER_OK", "context":{"environment":"Prod_japaneast_prod-s01-061-apac-japaneast", "migrationStage":"NotStarted", "server":"akswtt1160000fz"}}
{"logTime": "1003/093753", "correlationVector":"awK0arpWUZeVDKFzvrj0cR.2","action":"ProcessGetUpdates", "result":"Done", "context":{"dataType":"Sessions", "deleted":"248", "process_failed_to_decrypt":"0", "process_pending_decryption":"0", "process_success":"248", "total":"248"}}
{"logTime": "1003/093753", "correlationVector":"awK0arpWUZeVDKFzvrj0cR.3","action":"ProcessGetUpdates", "result":"Done", "context":{"dataType":"Edge Hub App Usage", "deleted":"1", "process_failed_to_decrypt":"0", "process_pending_decryption":"0", "process_success":"2", "total":"2"}}
{"logTime": "1003/093753", "correlationVector":"awK0arpWUZeVDKFzvrj0cR.4","action":"GetUpdates Response", "result":"Success", "context":Received 250 update(s). cV=awK0arpWUZeVDKFzvrj0cR.0;server=akswtt1160000fz;cloudType=Consumer;environment=Prod_japaneast_prod-s01-061-apac-japaneast;migrationStage=NotStarted Some updates remain.}
{"logTime": "1003/093753", "correlationVector":"f/+jvf5TeJ2uUGDLA3tfs4","action":"Initial GetUpdates", "result":"", "context":Reason: NEWLY_SUPPORTED_DATATYPE. cV=f/+jvf5TeJ2uUGDLA3tfs4}
{"logTime": "1003/093753", "correlationVector":"f/+jvf5TeJ2uUGDLA3tfs4.1","action":"SyncServerConnectionManagerRequest", "result":"SYNC_SERVER_OK", "context":{"environment":"Prod_japaneast_prod-s01-061-apac-japaneast", "migrationStage":"NotStarted", "server":"akswtt1160000gd"}}
{"logTime": "1003/093753", "correlationVector":"f/+jvf5TeJ2uUGDLA3tfs4.2","action":"ProcessGetUpdates", "result":"Done", "context":{"dataType":"Bookmarks", "deleted":"0", "process_failed_to_decrypt":"0", "process_pending_decryption":"0", "process_success":"2", "total":"2"}}
{"logTime": "1003/093753", "correlationVector":"f/+jvf5TeJ2uUGDLA3tfs4.3","action":"ProcessGetUpdates", "result":"Done", "context":{"dataType":"Preferences", "deleted":"0", "process_failed_to_decrypt":"0", "process_pending_decryption":"0", "process_success":"1", "total":"1"}}
{"logTime": "1003/093753", "correlationVector":"f/+jvf5TeJ2uUGDLA3tfs4.4","action":"ProcessGetUpdates", "result":"Done", "context":{"dataType":"Autofill", "deleted":"0", "process_failed_to_decrypt":"0", "process_pending_decryption":"0", "process_success":"7", "total":"7"}}
{"logTime": "1003/093753", "correlationVector":"f/+jvf5TeJ2uUGDLA3tfs4.5","action":"ProcessGetUpdates", "result":"Done", "context":{"dataType":"Sessions", "deleted":"228", "process_failed_to_decrypt":"0", "process_pending_decryption":"0", "process_success":"238", "total":"238"}}
{"logTime": "1003/093753", "correlationVector":"f/+jvf5TeJ2uUGDLA3tfs4.6","action":"ProcessGetUpdates", "result":"Done", "context":{"dataType":"Edge Hub App Usage", "deleted":"1", "process_failed_to_decrypt":"0", "process_pending_decryption":"0", "process_success":"2", "total":"2"}}
{"logTime": "1003/093753", "correlationVector":"f/+jvf5TeJ2uUGDLA3tfs4.7","action":"GetUpdates Response", "result":"Success", "context":Received 250 update(s). cV=f/+jvf5TeJ2uUGDLA3tfs4.0;server=akswtt1160000gd;cloudType=Consumer;environment=Prod_japaneast_prod-s01-061-apac-japaneast;migrationStage=NotStarted Some updates remain.}
{"logTime": "1003/093753", "correlationVector":"N9rkLgfUelAYWcrZhJmVPz","action":"Initial GetUpdates", "result":"", "context":Reason: NEWLY_SUPPORTED_DATATYPE. cV=N9rkLgfUelAYWcrZhJmVPz}
{"logTime": "1003/093754", "correlationVector":"N9rkLgfUelAYWcrZhJmVPz.1","action":"SyncServerConnectionManagerRequest", "result":"SYNC_SERVER_OK", "context":{"environment":"Prod_japaneast_prod-s01-061-apac-japaneast", "migrationStage":"NotStarted", "server":"akswtt1160000dn"}}
{"logTime": "1003/093754", "correlationVector":"N9rkLgfUelAYWcrZhJmVPz.2","action":"ProcessGetUpdates", "result":"Done", "context":{"dataType":"Preferences", "deleted":"1", "process_failed_to_decrypt":"0", "process_pending_decryption":"0", "process_success":"4", "total":"4"}}
{"logTime": "1003/093754", "correlationVector":"N9rkLgfUelAYWcrZhJmVPz.3","action":"ProcessGetUpdates", "result":"Done", "context":{"dataType":"Autofill Profiles", "deleted":"0", "process_failed_to_decrypt":"0", "process_pending_decryption":"0", "process_success":"1", "total":"1"}}
{"logTime": "1003/093754", "correlationVector":"N9rkLgfUelAYWcrZhJmVPz.4","action":"ProcessGetUpdates", "result":"Done", "context":{"dataType":"Autofill", "deleted":"0", "process_failed_to_decrypt":"0", "process_pending_decryption":"0", "process_success":"12", "total":"12"}}
{"logTime": "1003/093754", "correlationVector":"N9rkLgfUelAYWcrZhJmVPz.5","action":"ProcessGetUpdates", "result":"Done", "context":{"dataType":"Sessions", "deleted":"181", "process_failed_to_decrypt":"0", "process_pending_decryption":"0", "process_success":"231", "total":"231"}}
{"logTime": "1003/093754", "correlationVector":"N9rkLgfUelAYWcrZhJmVPz.6","action":"ProcessGetUpdates", "result":"Done", "context":{"dataType":"Edge Hub App Usage", "deleted":"1", "process_failed_to_decrypt":"0", "process_pending_decryption":"0", "process_success":"2", "total":"2"}}
{"logTime": "1003/093754", "correlationVector":"N9rkLgfUelAYWcrZhJmVPz.7","action":"GetUpdates Response", "result":"Success", "context":Received 250 update(s). cV=N9rkLgfUelAYWcrZhJmVPz.0;server=akswtt1160000dn;cloudType=Consumer;environment=Prod_japaneast_prod-s01-061-apac-japaneast;migrationStage=NotStarted Some updates remain.}
{"logTime": "1003/093754", "correlationVector":"9VydTGPo3glDaUesuHO4eR","action":"Initial GetUpdates", "result":"", "context":Reason: NEWLY_SUPPORTED_DATATYPE. cV=9VydTGPo3glDaUesuHO4eR}
{"logTime": "1003/093754", "correlationVector":"9VydTGPo3glDaUesuHO4eR.1","action":"SyncServerConnectionManagerRequest", "result":"SYNC_SERVER_OK", "context":{"environment":"Prod_japaneast_prod-s01-061-apac-japaneast", "migrationStage":"NotStarted", "server":"akswtt1160000gd"}}
{"logTime": "1003/093754", "correlationVector":"9VydTGPo3glDaUesuHO4eR.2","action":"ProcessGetUpdates", "result":"Done", "context":{"dataType":"Preferences", "deleted":"0", "process_failed_to_decrypt":"0", "process_pending_decryption":"0", "process_success":"5", "total":"5"}}
{"logTime": "1003/093754", "correlationVector":"9VydTGPo3glDaUesuHO4eR.3","action":"ProcessGetUpdates", "result":"Done", "context":{"dataType":"Autofill Profiles", "deleted":"0", "process_failed_to_decrypt":"0", "process_pending_decryption":"0", "process_success":"1", "total":"1"}}
{"logTime": "1003/093754", "correlationVector":"9VydTGPo3glDaUesuHO4eR.4","action":"ProcessGetUpdates", "result":"Done", "context":{"dataType":"Autofill", "deleted":"0", "process_failed_to_decrypt":"0", "process_pending_decryption":"0", "process_success":"11", "total":"11"}}
{"logTime": "1003/093754", "correlationVector":"9VydTGPo3glDaUesuHO4eR.5","action":"ProcessGetUpdates", "result":"Done", "context":{"dataType":"Sessions", "deleted":"50", "process_failed_to_decrypt":"0", "process_pending_decryption":"0", "process_success":"223", "total":"223"}}
{"logTime": "1003/093754", "correlationVector":"9VydTGPo3glDaUesuHO4eR.6","action":"GetUpdates Response", "result":"Success", "context":Received 240 update(s). cV=9VydTGPo3glDaUesuHO4eR.0;server=akswtt1160000gd;cloudType=Consumer;environment=Prod_japaneast_prod-s01-061-apac-japaneast;migrationStage=NotStarted}
{"logTime": "1003/093754", "correlationVector":"0QlLUnKGY4rkbA1Buapsxw","action":"Initial GetUpdates", "result":"", "context":Reason: NEWLY_SUPPORTED_DATATYPE. cV=0QlLUnKGY4rkbA1Buapsxw}
{"logTime": "1003/093755", "correlationVector":"0QlLUnKGY4rkbA1Buapsxw.1","action":"SyncServerConnectionManagerRequest", "result":"SYNC_SERVER_OK", "context":{"environment":"Prod_japaneast_prod-s01-061-apac-japaneast", "migrationStage":"NotStarted", "server":"akswtt1160000ar"}}
{"logTime": "1003/093755", "correlationVector":"0QlLUnKGY4rkbA1Buapsxw.2","action":"ProcessGetUpdates", "result":"Done", "context":{"dataType":"History", "deleted":"0", "process_failed_to_decrypt":"0", "process_pending_decryption":"0", "process_success":"250", "total":"250"}}
{"logTime": "1003/093755", "correlationVector":"0QlLUnKGY4rkbA1Buapsxw.3","action":"GetUpdates Response", "result":"Success", "context":Received 250 update(s). cV=0QlLUnKGY4rkbA1Buapsxw.0;server=akswtt1160000ar;cloudType=Consumer;environment=Prod_japaneast_prod-s01-061-apac-japaneast;migrationStage=NotStarted Some updates remain.}
{"logTime": "1003/093755", "correlationVector":"UE2qZLFmrqvZ5JHOSzaRm8","action":"Initial GetUpdates", "result":"", "context":Reason: NEWLY_SUPPORTED_DATATYPE. cV=UE2qZLFmrqvZ5JHOSzaRm8}
{"logTime": "1003/093755", "correlationVector":"UE2qZLFmrqvZ5JHOSzaRm8.1","action":"SyncServerConnectionManagerRequest", "result":"SYNC_SERVER_OK", "context":{"environment":"Prod_japaneast_prod-s01-061-apac-japaneast", "migrationStage":"NotStarted", "server":"akswtt1160000gr"}}
{"logTime": "1003/093755", "correlationVector":"UE2qZLFmrqvZ5JHOSzaRm8.2","action":"ProcessGetUpdates", "result":"Done", "context":{"dataType":"History", "deleted":"0", "process_failed_to_decrypt":"0", "process_pending_decryption":"0", "process_success":"250", "total":"250"}}
{"logTime": "1003/093755", "correlationVector":"UE2qZLFmrqvZ5JHOSzaRm8.3","action":"GetUpdates Response", "result":"Success", "context":Received 250 update(s). cV=UE2qZLFmrqvZ5JHOSzaRm8.0;server=akswtt1160000gr;cloudType=Consumer;environment=Prod_japaneast_prod-s01-061-apac-japaneast;migrationStage=NotStarted Some updates remain.}
{"logTime": "1003/093755", "correlationVector":"Ogf2aUMZgLy9lFHzZ4b0yT","action":"Initial GetUpdates", "result":"", "context":Reason: NEWLY_SUPPORTED_DATATYPE. cV=Ogf2aUMZgLy9lFHzZ4b0yT}
{"logTime": "1003/093755", "correlationVector":"Ogf2aUMZgLy9lFHzZ4b0yT.1","action":"SyncServerConnectionManagerRequest", "result":"SYNC_SERVER_OK", "context":{"environment":"Prod_japaneast_prod-s01-061-apac-japaneast", "migrationStage":"NotStarted", "server":"akswtt1160000gd"}}
{"logTime": "1003/093755", "correlationVector":"Ogf2aUMZgLy9lFHzZ4b0yT.2","action":"ProcessGetUpdates", "result":"Done", "context":{"dataType":"History", "deleted":"0", "process_failed_to_decrypt":"0", "process_pending_decryption":"0", "process_success":"250", "total":"250"}}
{"logTime": "1003/093755", "correlationVector":"Ogf2aUMZgLy9lFHzZ4b0yT.3","action":"GetUpdates Response", "result":"Success", "context":Received 250 update(s). cV=Ogf2aUMZgLy9lFHzZ4b0yT.0;server=akswtt1160000gd;cloudType=Consumer;environment=Prod_japaneast_prod-s01-061-apac-japaneast;migrationStage=NotStarted Some updates remain.}
{"logTime": "1003/093755", "correlationVector":"lFX/jJa9EFp/o/VTc+rgr9","action":"Initial GetUpdates", "result":"", "context":Reason: NEWLY_SUPPORTED_DATATYPE. cV=lFX/jJa9EFp/o/VTc+rgr9}
{"logTime": "1003/093755", "correlationVector":"lFX/jJa9EFp/o/VTc+rgr9.1","action":"SyncServerConnectionManagerRequest", "result":"SYNC_SERVER_OK", "context":{"environment":"Prod_japaneast_prod-s01-061-apac-japaneast", "migrationStage":"NotStarted", "server":"akswtt1160000c0"}}
{"logTime": "1003/093755", "correlationVector":"lFX/jJa9EFp/o/VTc+rgr9.2","action":"ProcessGetUpdates", "result":"Done", "context":{"dataType":"History", "deleted":"0", "process_failed_to_decrypt":"0", "process_pending_decryption":"0", "process_success":"250", "total":"250"}}
{"logTime": "1003/093755", "correlationVector":"lFX/jJa9EFp/o/VTc+rgr9.3","action":"GetUpdates Response", "result":"Success", "context":Received 250 update(s). cV=lFX/jJa9EFp/o/VTc+rgr9.0;server=akswtt1160000c0;cloudType=Consumer;environment=Prod_japaneast_prod-s01-061-apac-japaneast;migrationStage=NotStarted Some updates remain.}
{"logTime": "1003/093755", "correlationVector":"FdFsZjGQARCJ4VKeK1FLWX","action":"Initial GetUpdates", "result":"", "context":Reason: NEWLY_SUPPORTED_DATATYPE. cV=FdFsZjGQARCJ4VKeK1FLWX}
{"logTime": "1003/093756", "correlationVector":"FdFsZjGQARCJ4VKeK1FLWX.1","action":"SyncServerConnectionManagerRequest", "result":"SYNC_SERVER_OK", "context":{"environment":"Prod_japaneast_prod-s01-061-apac-japaneast", "migrationStage":"NotStarted", "server":"akswtt1160000cj"}}
{"logTime": "1003/093756", "correlationVector":"FdFsZjGQARCJ4VKeK1FLWX.2","action":"ProcessGetUpdates", "result":"Done", "context":{"dataType":"History", "deleted":"0", "process_failed_to_decrypt":"0", "process_pending_decryption":"0", "process_success":"250", "total":"250"}}
{"logTime": "1003/093756", "correlationVector":"FdFsZjGQARCJ4VKeK1FLWX.3","action":"GetUpdates Response", "result":"Success", "context":Received 250 update(s). cV=FdFsZjGQARCJ4VKeK1FLWX.0;server=akswtt1160000cj;cloudType=Consumer;environment=Prod_japaneast_prod-s01-061-apac-japaneast;migrationStage=NotStarted Some updates remain.}
{"logTime": "1003/093756", "correlationVector":"cLyDHXggi6GDSo/gAI+NKP","action":"Initial GetUpdates", "result":"", "context":Reason: NEWLY_SUPPORTED_DATATYPE. cV=cLyDHXggi6GDSo/gAI+NKP}
{"logTime": "1003/093756", "correlationVector":"cLyDHXggi6GDSo/gAI+NKP.1","action":"SyncServerConnectionManagerRequest", "result":"SYNC_SERVER_OK", "context":{"environment":"Prod_japaneast_prod-s01-061-apac-japaneast", "migrationStage":"NotStarted", "server":"akswtt1160000ar"}}
{"logTime": "1003/093756", "correlationVector":"cLyDHXggi6GDSo/gAI+NKP.2","action":"ProcessGetUpdates", "result":"Done", "context":{"dataType":"History", "deleted":"0", "process_failed_to_decrypt":"0", "process_pending_decryption":"0", "process_success":"201", "total":"201"}}
{"logTime": "1003/093756", "correlationVector":"cLyDHXggi6GDSo/gAI+NKP.3","action":"GetUpdates Response", "result":"Success", "context":Received 201 update(s). cV=cLyDHXggi6GDSo/gAI+NKP.0;server=akswtt1160000ar;cloudType=Consumer;environment=Prod_japaneast_prod-s01-061-apac-japaneast;migrationStage=NotStarted}
{"logTime": "1003/093756", "correlationVector":"yVgSYL2kXQayAy2lSUKizr","action":"Normal GetUpdate request", "result":"", "context":cV=yVgSYL2kXQayAy2lSUKizr
Nudged types: Sessions, Device Info, User Consents
Refresh requested types: Bookmarks, Preferences, Passwords, Autofill Profiles, Autofill, Extensions, Sessions, Extension settings, History Delete Directives, Device Info, User Consents, Send Tab To Self, Web Apps, History, Saved Tab Group, WebAuthn Credentials, Edge Hub App Usage, Edge Workspace, Encryption Keys}
{"logTime": "1003/093757", "correlationVector":"yVgSYL2kXQayAy2lSUKizr.1","action":"SyncServerConnectionManagerRequest", "result":"SYNC_SERVER_OK", "context":{"environment":"Prod_japaneast_prod-s01-061-apac-japaneast", "migrationStage":"NotStarted", "server":"akswtt1160000cj"}}
{"logTime": "1003/093757", "correlationVector":"yVgSYL2kXQayAy2lSUKizr.2","action":"GetUpdates Response", "result":"Success", "context":Received 0 update(s). cV=yVgSYL2kXQayAy2lSUKizr.0;server=akswtt1160000cj;cloudType=Consumer;environment=Prod_japaneast_prod-s01-061-apac-japaneast;migrationStage=NotStarted}
{"logTime": "1003/093757", "correlationVector":"WsORqJNF5pBH3pdQjwMfev","action":"DoCompareDataConsistency requsted types: ", "result":"Bookmarks, Preferences, Passwords, Extensions, Extension settings, History Delete Directives, Send Tab To Self, Web Apps, History, Saved Tab Group, WebAuthn Credentials, Edge Workspace, Encryption Keys"}
{"logTime": "1003/093757", "correlationVector":"WsORqJNF5pBH3pdQjwMfev.0","action":"CompareDataConsistency result: ", "result":"Compare result: Encryption Keys is consistent. local entities count is: 1 local entities hash is: +6PYKTHk7rJs6nd2DpmMrm3kDuE="}
{"logTime": "1003/093757", "correlationVector":"WsORqJNF5pBH3pdQjwMfev.1","action":"CompareDataConsistency result: ", "result":"Compare result: Bookmarks is consistent. local entities count is: 7 local entities hash is: j8Fnf2dujnoCicpr8hHkOpzhi5U="}
{"logTime": "1003/093757", "correlationVector":"WsORqJNF5pBH3pdQjwMfev.2","action":"CompareDataConsistency result: ", "result":"Compare result: Preferences is consistent. local entities count is: 60 local entities hash is: IkUOH29wGyaV7yda3mruC29Mqbg="}
{"logTime": "1003/093757", "correlationVector":"WsORqJNF5pBH3pdQjwMfev.3","action":"CompareDataConsistency result: ", "result":"Compare result: Extensions is consistent. local entities count is: 0 local entities hash is: "}
{"logTime": "1003/093757", "correlationVector":"WsORqJNF5pBH3pdQjwMfev.4","action":"CompareDataConsistency result: ", "result":"Compare result: Extension settings is consistent. local entities count is: 2 local entities hash is: faQdwUmq89KJ+ZVBwLlUChYOr4w="}
{"logTime": "1003/093757", "correlationVector":"WsORqJNF5pBH3pdQjwMfev.5","action":"CompareDataConsistency result: ", "result":"Compare result: History Delete Directives is consistent. local entities count is: 0 local entities hash is: "}
{"logTime": "1003/093757", "correlationVector":"WsORqJNF5pBH3pdQjwMfev.6","action":"CompareDataConsistency result: ", "result":"Server did not send this Send Tab To Self local entities count is: 0 local entities hash is: "}
{"logTime": "1003/093757", "correlationVector":"WsORqJNF5pBH3pdQjwMfev.7","action":"CompareDataConsistency result: ", "result":"Compare result: Web Apps is consistent. local entities count is: 0 local entities hash is: "}
{"logTime": "1003/093757", "correlationVector":"WsORqJNF5pBH3pdQjwMfev.8","action":"CompareDataConsistency result: ", "result":"Server did not send this History local entities count is: 0 local entities hash is: "}
{"logTime": "1003/093757", "correlationVector":"WsORqJNF5pBH3pdQjwMfev.9","action":"CompareDataConsistency result: ", "result":"Compare result: Saved Tab Group is consistent. local entities count is: 0 local entities hash is: "}
{"logTime": "1003/093757", "correlationVector":"WsORqJNF5pBH3pdQjwMfev.10","action":"CompareDataConsistency result: ", "result":"Server did not send this WebAuthn Credentials local entities count is: 0 local entities hash is: "}
{"logTime": "1003/093757", "correlationVector":"WsORqJNF5pBH3pdQjwMfev.11","action":"CompareDataConsistency result: ", "result":"Server did not send this Edge Workspace local entities count is: 0 local entities hash is: "}
{"logTime": "1003/093757", "correlationVector":"WsORqJNF5pBH3pdQjwMfev.12","action":"CompareDataConsistency result: ", "result":"Compare result: Passwords is consistent. local entities count is: 19 local entities hash is: hTL2v79XDOs9KI7BqW4pS7C35sU="}
{"logTime": "1003/093757", "correlationVector":"rPRMEe/AXLsa4WL8E9E2qn","action":"Commit Request", "result":"", "context":Item count: 5
Contributing types: Sessions, Device Info, User Consents}
{"logTime": "1003/093757", "correlationVector":"rPRMEe/AXLsa4WL8E9E2qn.1","action":"SyncServerConnectionManagerRequest", "result":"SYNC_SERVER_OK", "context":{"environment":"Prod_japaneast_prod-s01-061-apac-japaneast", "migrationStage":"NotStarted", "server":"akswtt1160000fl"}}
{"logTime": "1003/093757", "correlationVector":"rPRMEe/AXLsa4WL8E9E2qn.2","action":"Commit Response", "result":"Success", "context":Result: Success. cV=rPRMEe/AXLsa4WL8E9E2qn.0;server=akswtt1160000fl;cloudType=Consumer;environment=Prod_japaneast_prod-s01-061-apac-japaneast;migrationStage=NotStarted}
{"logTime": "1003/093757", "correlationVector":"","action":"DIAGNOSTIC_REQUEST|v1/diagnosticData/Diagnostic.SendCheckResult()|SUCCESS", "result":""}
{"logTime": "1003/093825", "correlationVector":"oZSTdXlLJBGfhWM0XMGxgv","action":"Normal GetUpdate request", "result":"", "context":cV=oZSTdXlLJBGfhWM0XMGxgv
Notified types: Device Info}
{"logTime": "1003/093825", "correlationVector":"oZSTdXlLJBGfhWM0XMGxgv.1","action":"SyncServerConnectionManagerRequest", "result":"SYNC_SERVER_OK", "context":{"environment":"Prod_japaneast_prod-s01-061-apac-japaneast", "migrationStage":"NotStarted", "server":"akswtt1160000db"}}
{"logTime": "1003/093825", "correlationVector":"oZSTdXlLJBGfhWM0XMGxgv.2","action":"ProcessGetUpdates", "result":"Done", "context":{"dataType":"Sessions", "deleted":"0", "process_failed_to_decrypt":"0", "process_pending_decryption":"0", "process_success":"6", "total":"6"}}
{"logTime": "1003/093825", "correlationVector":"oZSTdXlLJBGfhWM0XMGxgv.3","action":"ProcessGetUpdates", "result":"Done", "context":{"dataType":"Device Info", "deleted":"0", "process_failed_to_decrypt":"0", "process_pending_decryption":"0", "process_success":"2", "total":"2"}}
{"logTime": "1003/093825", "correlationVector":"oZSTdXlLJBGfhWM0XMGxgv.4","action":"GetUpdates Response", "result":"Success", "context":Received 8 update(s). cV=oZSTdXlLJBGfhWM0XMGxgv.0;server=akswtt1160000db;cloudType=Consumer;environment=Prod_japaneast_prod-s01-061-apac-japaneast;migrationStage=NotStarted}
